[lukeniccol.framer.website/index.html]
[backblue.gif]
[fade.gif]
[index.html]
[framerusercontent.com/images/mHysBjJXRTADk01GHPjbFfVJo.png]
[lukeniccol.framer.website/Contact.html]
[lukeniccol.framer.website/work/drovasignup.html]
[framerusercontent.com/images/S1G2k3PW2nLTX6qcqPrFdG3qosd526.png]
[lukeniccol.framer.website/work/foragecaster.html]
[framerusercontent.com/images/57q2kvLuW7NUdpZ4hXAixfJtU3c90ee.png]
[lukeniccol.framer.website/work/rpp.html]
[framerusercontent.com/images/NY8ci5ivCtGD6oyjUJZbr0OG0g2dd5.jpg]
[lukeniccol.framer.website/work/shareecoomy.html]
[framerusercontent.com/images/ieIU9A0yx516j0ruozYkuaIiF0ac30.png]
[framerusercontent.com/images/3DY7WOSEOAKpUhvKhS8GpHV7M9b96.png]
[framerusercontent.com/images/61rpPdHqfL9PIdlF6WUsRNg40o269b.png]
[framerusercontent.com/images/yYoGbMiJ6Zk3ZkwXshy5uGvSU269b.png]
[framerusercontent.com/images/AkHeffDmiEDANMNVIqn2RwiMCjM65ec.jpg]
[lukeniccol.framer.website/index.html]
[lukeniccol.framer.website/Contact.html]
[framerusercontent.com/images/wHLmIpho4Ptr5beF3GgwKQcTg2Af719.png]
[framerusercontent.com/images/TNagJ0vjTJGVK32E88biYN8J5p0d731.png]
[framerusercontent.com/images/xIqUqmdVryMowMpSC03UqsxuyKI95ff.png]
[framerusercontent.com/images/lSPzj3oxBvmryBXsEuA1LWBZKHc88dd.png]
[framerusercontent.com/images/EzvV3KbJN2iGMQuZZXYx5l6JuA95b2.png]
[framerusercontent.com/images/G5HUUzZRVO1t1irTs0ANjRBHBik1f2e.png]
[framerusercontent.com/images/fCvCkN8xwbWsqIQMvDeGfgFy3KQ4ea4.png]
[framerusercontent.com/images/ObRzaFX7QuSY2MBF03QGY9rvoe126.png]
[framerusercontent.com/images/PqJ1vpHz8Ti7RzkDwjyV0jsa0vM2764.png]
[framerusercontent.com/images/rK5ZXhh7EpNKCGEAc4Wtw44Fc2Q5acd.png]
[framerusercontent.com/images/Prc5sqK5f2bB6lLbDVT2TopMJo6ec9.png]
[framerusercontent.com/images/6e9Dt4iyz87k6QpMFfc7MiQs0ae48.png]
[lukeniccol.framer.website/work/drovasignup.html]
[framerusercontent.com/images/C0XD57SMoF3Y7dpsgTJet4fcWpU.jpg]
[framerusercontent.com/images/jpLq02YHhbYzPRDKeqvCuMDVJCE.jpg]
[framerusercontent.com/images/hqoDjc0dpyOZManasDE57boFRo.jpg]
[framerusercontent.com/images/oxGDsmtMY8pk3kqP3ta2WTRmgag.jpg]
[framerusercontent.com/images/skRFXaegNJ8ajL23CNsX1Nwzwzs.jpg]
[framerusercontent.com/images/3hunjvUHV7Wwt7E9QAFGs7GCLg.jpg]
[framerusercontent.com/images/OfvzA8zoib29cruSGAu5mhU86Dc.png]
[framerusercontent.com/images/jXyN1cEqBj9jwzUr8bIO3z18.jpg]
[framerusercontent.com/images/c2VPv95MDDBd9tQAqzpIqGR63XM.jpg]
[framerusercontent.com/images/uzeZLlquRmWn8db9ZYsa9x4cEQ.jpg]
[framerusercontent.com/images/tfYOFP8jZgp347m1wJhm0wF7RA.jpg]
[framerusercontent.com/images/sfpjK2xZHo50QDbVETEc8FvBF8.jpg]
[framerusercontent.com/images/DRMgaZDOh5HFXea5CDKhbKcCA.jpg]
[framerusercontent.com/images/9uzRw7ObreYvU7blFZ5ytDpU7I.jpg]
[framerusercontent.com/images/8VeIQetzR6Ksatf5ENNty40CjNA.jpg]
[framerusercontent.com/images/Ew7YYPiw0286Kui5TUyR4Y1sbqo.jpg]
[framerusercontent.com/images/rxcj5EdxeVzzgEIKKRvj8bjaWM.jpg]
[framerusercontent.com/images/3CuDKYckXIAxRCgM2y4rUTKX04.jpg]
[framerusercontent.com/images/PqraRK4dHwL3SxxmFBvbrBh84.jpg]
[framerusercontent.com/images/zAf80TSvBqGxZrsJREavldOnxHg.jpg]
[framerusercontent.com/images/0KlRezJ7y1SUxny4I4ZwhqextY.jpg]
[framerusercontent.com/images/3BCoAskF9EzEw0fJL5c6n3TA8.jpg]
[framerusercontent.com/images/a3uvOYrBW2qGtQdtVPTeJONDR9E.jpg]
[framerusercontent.com/images/w8Y7VmRdjgXKFoAP3wrCRBscDLM.jpg]
[framerusercontent.com/images/KHRYlKx2DpZ0dVff4a1Gcajg0.jpg]
[framerusercontent.com/images/06ZZtabFaKuMpAMCIxDaY410QUU.jpg]
[framerusercontent.com/images/GkuELHR8DeTWylvQqH10KuZQsA.jpg]
[framerusercontent.com/images/Bul93gZmgg5uwm4lsCI4yuysic.jpg]
[framerusercontent.com/images/F27BwieSCo2WzdKyGkfXzaObQ.jpg]
[framerusercontent.com/images/3HWEcwc0oAgqzOnl3lnzLUPfYg.jpg]
[framerusercontent.com/images/drmg5Evo3M4hyp9Q0xt4ljhf84k.jpg]
[framerusercontent.com/images/7eDsXgEcChsBmbourE3T7Vzs.jpg]
[framerusercontent.com/images/FEhKWc7tXnQ4R86zXLAkXx5NGo.jpg]
[framerusercontent.com/images/EbsAvuwgJg3bVdytXWxcjYu7Zs.jpg]
[framerusercontent.com/images/QZVrPWUFjDAey3clBIqxWwWk4I.jpg]
[framerusercontent.com/images/3a0tKZfKrqzDw74zfdU2nZyjb08.jpg]
[framerusercontent.com/images/dUbaUQi8Hn2SDWYNNPDjRQlUb6Y.jpg]
[lukeniccol.framer.website/work/foragecaster.html]
[framerusercontent.com/images/grFzoeNJvSSrEGFUCDCApTqDg8.jpg]
[framerusercontent.com/images/MdGNYIyiuG0kUnUUOHnBp4avuIo.jpg]
[framerusercontent.com/images/buBbMuzyzbsBGBb4IrokbAZuQM.jpg]
[framerusercontent.com/images/Eq53qflcr7iT7PytVmgk3COChI.jpg]
[framerusercontent.com/images/ebr5t9BvAuiciY8g5IzorwLricg.jpg]
[framerusercontent.com/images/Izp6HTrO44galAuIIkzqgGWi47A.jpg]
[framerusercontent.com/images/bJOx9UHugfPnybrZEIBVzhLGzf0.jpg]
[framerusercontent.com/images/94ECYTMgibkKb9CIINOzIMVk7EY.jpg]
[framerusercontent.com/images/1N33A27B0495vR8CTtHSTCGLCQM.jpg]
[framerusercontent.com/images/vGlJBjKwKeLJSqOxFS6uhghjlM.jpg]
[framerusercontent.com/images/cmRDhqOOtVVZ2kdPyZRJujrICFI.jpg]
[framerusercontent.com/images/pylI8bkfZsFy6rlcflrLkAmxIlA.jpg]
[lukeniccol.framer.website/work/rpp.html]
[framerusercontent.com/images/XUkdmjc7ytjuxshjuwBwWSnNmI.png]
[framerusercontent.com/images/5kcpjTxITenGcKW7m1jRQuOo2Iw.png]
[framerusercontent.com/images/aggCbyeIMCVT7x2lF5Ma0KMVn5A.png]
[framerusercontent.com/images/uopThGacLMDkNM8yt7fQRt3Rg.png]
[framerusercontent.com/images/4tIEXt4lvVyiVFe1sHg5AoHoLM.png]
[framerusercontent.com/images/fHeL16XddnIgF1biTIqctNe9Oc.png]
[framerusercontent.com/images/bCxxlN30xSAVMBSiH7gbkX89mY.png]
[framerusercontent.com/images/7pgDiVk8BmniQVygqyOdIuhNng.png]
[framerusercontent.com/images/4m9mMnUw49l97EduV0CNzwKfxLw.png]
[framerusercontent.com/images/ADwcaNhAlvj1BrE21b0qo1rYrc.png]
[framerusercontent.com/images/BdZSQyhu61JUqFDR8qwpaB61o.png]
[framerusercontent.com/images/ujZKSq2oMswjAZFgCsax6a644c.png]
[framerusercontent.com/images/VMtvc6VZDs4qqbu0GhRWHXXVk.png]
[lukeniccol.framer.website/work/shareecoomy.html]
